// Vitest Snapshot v1, https://vitest.dev/guide/snapshot.html

exports[`FormRadio > renders radio buttons with the provided options 1`] = `
<div>
  <fieldset
    class="fieldset py-0"
  >
    <legend
      class="fieldset-legend"
    >
      Test Radio
       
    </legend>
    <div
      class="flex cursor-pointer items-center justify-between"
    >
      <span>
        Option 1
      </span>
      <input
        class="radio"
        name="radio"
        type="radio"
        value="option1"
      />
    </div>
    <div
      class="flex cursor-pointer items-center justify-between"
    >
      <span>
        Option 2
      </span>
      <input
        class="radio"
        name="radio"
        type="radio"
        value="option2"
      />
    </div>
  </fieldset>
</div>
`;
