// Vitest Snapshot v1, https://vitest.dev/guide/snapshot.html

exports[`FormCheckbox > renders component 1`] = `
<div>
  <fieldset
    class="fieldset py-0"
  >
    <label
      class="fieldset-label"
    >
      <input
        class="checkbox"
        name="checkbox"
        type="checkbox"
      />
    </label>
  </fieldset>
</div>
`;
